Reusing configuration cache.
> Task :app:checkKotlinGradlePluginConfigurationErrors SKIPPED
> Task :app:preBuild UP-TO-DATE
> Task :app:preDebugBuild UP-TO-DATE
> Task :app:writeDebugSigningConfigVersions UP-TO-DATE
> Task :app:desugarDebugFileDependencies UP-TO-DATE
> Task :app:checkDebugAarMetadata UP-TO-DATE
> Task :app:javaPreCompileDebug UP-TO-DATE
> Task :app:validateSigningDebug UP-TO-DATE
> Task :app:generateDebugResValues UP-TO-DATE
> Task :app:createDebugCompatibleScreenManifests UP-TO-DATE
> Task :app:writeDebugAppMetadata UP-TO-DATE
> Task :app:checkDebugDuplicateClasses UP-TO-DATE
> Task :app:processDebugNavigationResources UP-TO-DATE
> Task :app:extractDeepLinksDebug UP-TO-DATE
> Task :app:mergeDebugJniLibFolders UP-TO-DATE
> Task :app:compileDebugNavigationResources UP-TO-DATE
> Task :app:generateDebugResources UP-TO-DATE
> Task :app:mergeDebugShaders UP-TO-DATE
> Task :app:mergeLibDexDebug UP-TO-DATE
> Task :app:compileDebugShaders NO-SOURCE
> Task :app:generateDebugAssets UP-TO-DATE
> Task :app:packageDebugResources UP-TO-DATE
> Task :app:mapDebugSourceSetPaths UP-TO-DATE
> Task :app:mergeDebugResources UP-TO-DATE
> Task :app:parseDebugLocalResources UP-TO-DATE
> Task :app:mergeDebugNativeLibs NO-SOURCE
> Task :app:stripDebugDebugSymbols NO-SOURCE
> Task :app:mergeDebugAssets UP-TO-DATE
> Task :app:compressDebugAssets UP-TO-DATE
> Task :app:processDebugMainManifest UP-TO-DATE
> Task :app:processDebugManifest UP-TO-DATE
> Task :app:mergeExtDexDebug UP-TO-DATE
> Task :app:processDebugManifestForPackage UP-TO-DATE
> Task :app:processDebugResources UP-TO-DATE

> Task :app:compileDebugKotlin
w: file:///C:/Users/steph/OneDrive/Dokumente/Programme/Simple-Phone/app/src/main/java/ch/heuscher/simplephone/call/CallService.kt:387:25 '@Deprecated(...) fun vibrate(p0: LongArray!, p1: Int): Unit' is deprecated. Deprecated in Java.
w: file:///C:/Users/steph/OneDrive/Dokumente/Programme/Simple-Phone/app/src/main/java/ch/heuscher/simplephone/call/CallService.kt:471:26 'val state: Int' is deprecated. Deprecated in Java.
w: file:///C:/Users/steph/OneDrive/Dokumente/Programme/Simple-Phone/app/src/main/java/ch/heuscher/simplephone/call/CallService.kt:475:29 'val state: Int' is deprecated. Deprecated in Java.
w: file:///C:/Users/steph/OneDrive/Dokumente/Programme/Simple-Phone/app/src/main/java/ch/heuscher/simplephone/call/CallService.kt:482:18 'val state: Int' is deprecated. Deprecated in Java.
w: file:///C:/Users/steph/OneDrive/Dokumente/Programme/Simple-Phone/app/src/main/java/ch/heuscher/simplephone/call/CallService.kt:491:42 'val state: Int' is deprecated. Deprecated in Java.
w: file:///C:/Users/steph/OneDrive/Dokumente/Programme/Simple-Phone/app/src/main/java/ch/heuscher/simplephone/call/CallService.kt:766:18 This declaration overrides a deprecated member but is not marked as deprecated itself. Please add the '@Deprecated' annotation or suppress the diagnostic.
w: file:///C:/Users/steph/OneDrive/Dokumente/Programme/Simple-Phone/app/src/main/java/ch/heuscher/simplephone/ui/screens/CallLogScreen.kt:79:43 '@property:Deprecated(...) val Icons.Filled.ArrowBack: ImageVector' is deprecated. Use the AutoMirrored version at Icons.AutoMirrored.Filled.ArrowBack.
w: file:///C:/Users/steph/OneDrive/Dokumente/Programme/Simple-Phone/app/src/main/java/ch/heuscher/simplephone/ui/screens/CallLogScreen.kt:99:42 '@Deprecated(...) static fun compare(p0: Context!, p1: String!, p2: String!): Boolean' is deprecated. Deprecated in Java.
w: file:///C:/Users/steph/OneDrive/Dokumente/Programme/Simple-Phone/app/src/main/java/ch/heuscher/simplephone/ui/screens/CallLogScreen.kt:163:46 '@property:Deprecated(...) val Icons.Filled.CallMissed: ImageVector' is deprecated. Use the AutoMirrored version at Icons.AutoMirrored.Filled.CallMissed.
w: file:///C:/Users/steph/OneDrive/Dokumente/Programme/Simple-Phone/app/src/main/java/ch/heuscher/simplephone/ui/screens/CallLogScreen.kt:164:48 '@property:Deprecated(...) val Icons.Filled.CallReceived: ImageVector' is deprecated. Use the AutoMirrored version at Icons.AutoMirrored.Filled.CallReceived.
w: file:///C:/Users/steph/OneDrive/Dokumente/Programme/Simple-Phone/app/src/main/java/ch/heuscher/simplephone/ui/screens/CallLogScreen.kt:165:48 '@property:Deprecated(...) val Icons.Filled.CallMade: ImageVector' is deprecated. Use the AutoMirrored version at Icons.AutoMirrored.Filled.CallMade.
w: file:///C:/Users/steph/OneDrive/Dokumente/Programme/Simple-Phone/app/src/main/java/ch/heuscher/simplephone/ui/screens/SettingsScreen.kt:806:36 '@property:Deprecated(...) val Icons.Filled.ArrowBack: ImageVector' is deprecated. Use the AutoMirrored version at Icons.AutoMirrored.Filled.ArrowBack.
w: file:///C:/Users/steph/OneDrive/Dokumente/Programme/Simple-Phone/app/src/main/java/ch/heuscher/simplephone/ui/theme/Theme.kt:89:20 'var statusBarColor: Int' is deprecated. Deprecated in Java.
w: file:///C:/Users/steph/OneDrive/Dokumente/Programme/Simple-Phone/app/src/main/java/ch/heuscher/simplephone/widget/FavoritesWidget.kt:38:17 '@Deprecated(...) fun setRemoteAdapter(p0: Int, p1: Intent!): Unit' is deprecated. Deprecated in Java.
w: file:///C:/Users/steph/OneDrive/Dokumente/Programme/Simple-Phone/app/src/main/java/ch/heuscher/simplephone/widget/FavoritesWidget.kt:71:30 '@Deprecated(...) fun notifyAppWidgetViewDataChanged(p0: IntArray!, p1: Int): Unit' is deprecated. Deprecated in Java.

> Task :app:compileDebugJavaWithJavac NO-SOURCE
> Task :app:processDebugJavaRes
> Task :app:mergeDebugJavaResource
> Task :app:dexBuilderDebug
> Task :app:mergeDebugGlobalSynthetics FROM-CACHE
> Task :app:mergeProjectDexDebug
> Task :app:packageDebug
> Task :app:createDebugApkListingFileRedirect

> Task :app:installDebug
Installing APK 'app-debug.apk' on 'SM-S916B - 16' for :app:debug
Installing APK 'app-debug.apk' on 'Medium_Phone_API_36.1(AVD) - 16' for :app:debug
Installed on 2 devices.

BUILD SUCCESSFUL in 58s
36 actionable tasks: 8 executed, 1 from cache, 27 up-to-date
Configuration cache entry reused.
